// Jest Snapshot v1, https://goo.gl/fbAQLP

exports[`greet should return 'Hello World' 1`] = `"Hello World!"`;
